GAS LISTING s390-ABI.s 			page 1


 GNU assembler version 2.30 (s390x-linux-gnu)
	 using BFD version (GNU Binutils for Ubuntu) 2.30.
 options passed	: -g -mzarch -m64 -asgl 
 input file    	: s390-ABI.s
 output file   	: ABI-example.o
 target        	: s390x-ibm-linux-gnu
 time stamp    	: 2022-11-08T16:26:11.000+0000

GAS LISTING s390-ABI.s 			page 2


   1              		.list
   2              		.equ	sys_exit, 1
   3              		.equ	sys_write, 4
   4              	
   5              		.global	_start
   6              		
   7              		.text
   8              	_start:
   9 0000 05E0     		BALR	%r14, %r0		# set R14 to _start + 2
  10 0002 B904003E 		LGR	%r3, %r14
  11 0006 C0210000 		LGFI	%r2, 1			# select standard out
  11      0001
  12 000c 41100022 		LA	%r1, MSGOFFSET
  13 0010 B9080031 		AGR	%r3, %r1		# compute message's address
  14 0014 41400019 		LA	%r4, MESGLEN		# message length
  15 0018 0A04     		SVC	sys_write		# output message
  16              	
  17 001a B9820022 		XGR	%r2, %r2		# clear R2
  18 001e 41100001 		LA	%r1, sys_exit
  19 0022 0A00     		SVC	0			# terminate program
  20              	
  21 0024 53333930 	MESG:	.ascii  "S390 ABI example program\n"
  21      20414249 
  21      20657861 
  21      6D706C65 
  21      2070726F 
  22              		.equ	MESGLEN, .-MESG
  23              		.equ	MSGOFFSET, MESG - _start - 2
  24 003d 070707   		.end
GAS LISTING s390-ABI.s 			page 3


DEFINED SYMBOLS
          s390-ABI.s:2      *ABS*:0000000000000001 sys_exit
          s390-ABI.s:3      *ABS*:0000000000000004 sys_write
          s390-ABI.s:8      .text:0000000000000000 _start
                            *ABS*:0000000000000022 MSGOFFSET
                            *ABS*:0000000000000019 MESGLEN
          s390-ABI.s:21     .text:0000000000000024 MESG

NO UNDEFINED SYMBOLS
